=== 跨环境演化大跑开始 18:37:10 ===
[18:37:10] evolve fsm / rich_close ...
    -> BEST score=1043.20 collected=994.7 mean_def_frac=0.000 fs=0.814 explore=0.500 aggression=0.605
[18:37:47] evolve fsm / scarce_far ...
    -> BEST score=152.20 collected=103.7 mean_def_frac=0.000 fs=2.366 explore=0.158 aggression=0.262
[18:38:24] evolve fsm / predator ...
    -> BEST score=556.96 collected=508.3 mean_def_frac=0.002 fs=2.325 explore=0.416 aggression=0.774
[18:39:00] evolve fsm / patchy ...
    -> BEST score=398.20 collected=349.7 mean_def_frac=0.000 fs=2.986 explore=0.406 aggression=0.475
[18:39:38] evolve fsm / maze ...
    -> BEST score=132.53 collected=84.0 mean_def_frac=0.000 fs=0.972 explore=0.379 aggression=0.623
[18:40:15] evolve ann / rich_close ...
    -> BEST score=319.67 collected=279.7 mean_def_frac=0.000 fs=3.000 explore=0.120 aggression=0.500
[18:40:53] evolve ann / scarce_far ...
    -> BEST score=80.33 collected=40.3 mean_def_frac=0.000 fs=3.000 explore=0.120 aggression=0.500
[18:41:31] evolve ann / predator ...
    -> BEST score=142.67 collected=102.7 mean_def_frac=0.000 fs=3.000 explore=0.120 aggression=0.500
[18:42:09] evolve ann / patchy ...
    -> BEST score=155.33 collected=115.3 mean_def_frac=0.000 fs=3.000 explore=0.120 aggression=0.500
[18:42:51] evolve ann / maze ...
    -> BEST score=84.67 collected=44.7 mean_def_frac=0.000 fs=2.554 explore=0.124 aggression=0.348
[18:43:35] evolve cppn / rich_close ...
    -> BEST score=950.33 collected=910.3 mean_def_frac=0.000 fs=1.969 explore=0.094 aggression=0.315
[18:44:19] evolve cppn / scarce_far ...
    -> BEST score=83.00 collected=43.0 mean_def_frac=0.000 fs=2.883 explore=0.218 aggression=0.435
[18:45:04] evolve cppn / predator ...
    -> BEST score=519.07 collected=480.3 mean_def_frac=0.000 fs=3.251 explore=0.041 aggression=0.407
[18:45:48] evolve cppn / patchy ...
    -> BEST score=293.67 collected=253.7 mean_def_frac=0.000 fs=2.998 explore=0.075 aggression=0.685
[18:46:32] evolve cppn / maze ...
    -> BEST score=101.73 collected=62.0 mean_def_frac=0.000 fs=2.806 explore=0.092 aggression=0.000
[18:47:15] evolve snn / rich_close ...
    -> BEST score=207.67 collected=167.7 mean_def_frac=0.000 fs=2.663 explore=0.120 aggression=0.615
[18:48:00] evolve snn / scarce_far ...
    -> BEST score=71.00 collected=31.0 mean_def_frac=0.000 fs=3.000 explore=0.120 aggression=0.500
[18:48:44] evolve snn / predator ...
    -> BEST score=113.67 collected=73.7 mean_def_frac=0.000 fs=3.000 explore=0.120 aggression=0.500
[18:49:28] evolve snn / patchy ...
    -> BEST score=139.33 collected=99.3 mean_def_frac=0.000 fs=3.000 explore=0.120 aggression=0.500
[18:50:13] evolve snn / maze ...
    -> BEST score=59.80 collected=20.0 mean_def_frac=0.000 fs=3.000 explore=0.120 aggression=0.500
[18:50:58] evolve mb / rich_close ...
    -> BEST score=328.87 collected=291.0 mean_def_frac=0.000 fs=3.055 explore=0.306 aggression=0.172
[18:51:44] evolve mb / scarce_far ...
    -> BEST score=40.67 collected=0.7 mean_def_frac=0.000 fs=2.397 explore=0.247 aggression=0.197
[18:52:30] evolve mb / predator ...
    -> BEST score=161.07 collected=123.0 mean_def_frac=0.000 fs=2.396 explore=0.206 aggression=0.572
[18:53:16] evolve mb / patchy ...
    -> BEST score=85.33 collected=45.3 mean_def_frac=0.000 fs=2.469 explore=0.303 aggression=0.376
[18:54:03] evolve mb / maze ...
    -> BEST score=45.87 collected=6.7 mean_def_frac=0.000 fs=2.824 explore=0.208 aggression=0.290
[18:54:49] evolve cx / rich_close ...
    -> BEST score=909.53 collected=861.0 mean_def_frac=0.000 fs=2.258 explore=0.070 aggression=0.481
[18:55:36] evolve cx / scarce_far ...
    -> BEST score=140.87 collected=92.3 mean_def_frac=0.000 fs=2.644 explore=0.086 aggression=0.305
[18:56:24] evolve cx / predator ...
    -> BEST score=243.51 collected=195.0 mean_def_frac=0.001 fs=1.690 explore=0.162 aggression=0.239
[18:57:11] evolve cx / patchy ...
    -> BEST score=248.20 collected=199.7 mean_def_frac=0.000 fs=1.659 explore=0.341 aggression=0.209
[18:57:58] evolve cx / maze ...
    -> BEST score=133.53 collected=85.0 mean_def_frac=0.000 fs=1.892 explore=0.098 aggression=0.297
=== 大跑完成 18:58:44 ===
---- 汇总 ----
brain  env         best_score  collected  mean_def_frac
fsm    rich_close  1043.20     994.7      0.000
fsm    scarce_far  152.20      103.7      0.000
fsm    predator    556.96      508.3      0.002
fsm    patchy      398.20      349.7      0.000
fsm    maze        132.53      84.0       0.000
ann    rich_close  319.67      279.7      0.000
ann    scarce_far  80.33       40.3       0.000
ann    predator    142.67      102.7      0.000
ann    patchy      155.33      115.3      0.000
ann    maze        84.67       44.7       0.000
cppn   rich_close  950.33      910.3      0.000
cppn   scarce_far  83.00       43.0       0.000
cppn   predator    519.07      480.3      0.000
cppn   patchy      293.67      253.7      0.000
cppn   maze        101.73      62.0       0.000
snn    rich_close  207.67      167.7      0.000
snn    scarce_far  71.00       31.0       0.000
snn    predator    113.67      73.7       0.000
snn    patchy      139.33      99.3       0.000
snn    maze        59.80       20.0       0.000
mb     rich_close  328.87      291.0      0.000
mb     scarce_far  40.67       0.7        0.000
mb     predator    161.07      123.0      0.000
mb     patchy      85.33       45.3       0.000
mb     maze        45.87       6.7        0.000
cx     rich_close  909.53      861.0      0.000
cx     scarce_far  140.87      92.3       0.000
cx     predator    243.51      195.0      0.001
cx     patchy      248.20      199.7      0.000
cx     maze        133.53      85.0       0.000
